// Jest Snapshot v1, https://goo.gl/fbAQLP

exports[`CoordinateTransforms_class test_sat2ric_valid_input 1`] = `
{
  "position": Float32Array [
    7483.31494140625,
    0,
    0.00011920928955078125,
  ],
  "velocity": Float32Array [
    0,
    0,
    0,
  ],
}
`;
