// Jest Snapshot v1, https://goo.gl/fbAQLP

exports[`getEcfOfCurrentOrbit_method test_answers_remain_the_same 1`] = `
[
  {
    "x": -562.2399608751923,
    "y": -6613.915899045158,
    "z": -1415.2813814442982,
  },
  {
    "x": -4342.423908626193,
    "y": -5020.294004442257,
    "z": -1415.2813814442982,
  },
  {
    "x": -6463.949516842156,
    "y": -1509.0904336597291,
    "z": -1415.2813814442982,
  },
  {
    "x": -6116.466111187876,
    "y": 2578.5343906834973,
    "z": -1415.2813814442982,
  },
  {
    "x": -3432.700542096722,
    "y": 5681.246718946127,
    "z": -1415.2813814442982,
  },
  {
    "x": 562.2399608751915,
    "y": 6613.915899045158,
    "z": -1415.2813814442982,
  },
  {
    "x": 4342.423908626195,
    "y": 5020.294004442256,
    "z": -1415.2813814442982,
  },
  {
    "x": 6463.949516842156,
    "y": 1509.09043365973,
    "z": -1415.2813814442982,
  },
  {
    "x": 6116.466111187877,
    "y": -2578.5343906834955,
    "z": -1415.2813814442982,
  },
  {
    "x": 3432.7005420967175,
    "y": -5681.2467189461295,
    "z": -1415.2813814442982,
  },
]
`;

exports[`getEciOfCurrentOrbit_method test_answers_remain_the_same 1`] = `
[
  {
    "x": -562.2399608751923,
    "y": -6613.915899045158,
    "z": -1415.2813814442982,
  },
  {
    "x": -562.2399608751923,
    "y": -6613.915899045158,
    "z": -1415.2813814442982,
  },
  {
    "x": -562.2399608751923,
    "y": -6613.915899045158,
    "z": -1415.2813814442982,
  },
  {
    "x": -562.2399608751923,
    "y": -6613.915899045158,
    "z": -1415.2813814442982,
  },
  {
    "x": -562.2399608751923,
    "y": -6613.915899045158,
    "z": -1415.2813814442982,
  },
  {
    "x": -562.2399608751923,
    "y": -6613.915899045158,
    "z": -1415.2813814442982,
  },
  {
    "x": -562.2399608751923,
    "y": -6613.915899045158,
    "z": -1415.2813814442982,
  },
  {
    "x": -562.2399608751923,
    "y": -6613.915899045158,
    "z": -1415.2813814442982,
  },
  {
    "x": -562.2399608751923,
    "y": -6613.915899045158,
    "z": -1415.2813814442982,
  },
  {
    "x": -562.2399608751923,
    "y": -6613.915899045158,
    "z": -1415.2813814442982,
  },
]
`;

exports[`getLlaOfCurrentOrbit_method test_answers_remain_the_same 1`] = `
[
  {
    "alt": 409.77122047281136,
    "lat": -12.110113887257324,
    "lon": 58.989294747024054,
    "time": 1675227600000,
  },
  {
    "alt": 409.77122047281136,
    "lat": -12.110113887257324,
    "lon": 58.989294747024054,
    "time": 1675227600000,
  },
  {
    "alt": 409.77122047281136,
    "lat": -12.110113887257324,
    "lon": 58.989294747024054,
    "time": 1675227600000,
  },
  {
    "alt": 409.77122047281136,
    "lat": -12.110113887257324,
    "lon": 58.989294747024054,
    "time": 1675227600000,
  },
  {
    "alt": 409.77122047281136,
    "lat": -12.110113887257324,
    "lon": 58.989294747024054,
    "time": 1675227600000,
  },
  {
    "alt": 409.77122047281136,
    "lat": -12.110113887257324,
    "lon": 58.989294747024054,
    "time": 1675227600000,
  },
  {
    "alt": 409.77122047281136,
    "lat": -12.110113887257324,
    "lon": 58.989294747024054,
    "time": 1675227600000,
  },
  {
    "alt": 409.77122047281136,
    "lat": -12.110113887257324,
    "lon": 58.989294747024054,
    "time": 1675227600000,
  },
  {
    "alt": 409.77122047281136,
    "lat": -12.110113887257324,
    "lon": 58.989294747024054,
    "time": 1675227600000,
  },
  {
    "alt": 409.77122047281136,
    "lat": -12.110113887257324,
    "lon": 58.989294747024054,
    "time": 1675227600000,
  },
]
`;

exports[`getRicOfCurrentOrbit_method test_answers_remain_the_same 1`] = `
[
  {
    "x": 82.69600677490234,
    "y": 1061.19580078125,
    "z": -0.7143640518188477,
  },
  {
    "x": 82.69600677490234,
    "y": 1061.19580078125,
    "z": -0.7143640518188477,
  },
  {
    "x": 82.69600677490234,
    "y": 1061.19580078125,
    "z": -0.7143640518188477,
  },
  {
    "x": 82.69600677490234,
    "y": 1061.19580078125,
    "z": -0.7143640518188477,
  },
  {
    "x": 82.69600677490234,
    "y": 1061.19580078125,
    "z": -0.7143640518188477,
  },
  {
    "x": 82.69600677490234,
    "y": 1061.19580078125,
    "z": -0.7143640518188477,
  },
  {
    "x": 82.69600677490234,
    "y": 1061.19580078125,
    "z": -0.7143640518188477,
  },
  {
    "x": 82.69600677490234,
    "y": 1061.19580078125,
    "z": -0.7143640518188477,
  },
  {
    "x": 82.69600677490234,
    "y": 1061.19580078125,
    "z": -0.7143640518188477,
  },
  {
    "x": 82.69600677490234,
    "y": 1061.19580078125,
    "z": -0.7143640518188477,
  },
]
`;

exports[`getSunDirection_method test_jd_end_of_year 1`] = `
[
  -3760409.036826631,
  -137212823.5992045,
  -59481283.378439635,
]
`;

exports[`getSunDirection_method test_jd_start_of_year 1`] = `
[
  28629425.15938371,
  -134719134.74737248,
  -58400628.90499934,
]
`;

exports[`getSunDirection_method test_valid_jd 1`] = `
[
  26942821.97188163,
  -135008996.02114344,
  -58533563.41528564,
]
`;
