// Jest Snapshot v1, https://goo.gl/fbAQLP

exports[`satChanges.bottomMenuClick 0 1`] = `undefined`;

exports[`satChanges.bottomMenuClick 1 1`] = `undefined`;

exports[`satChanges.bottomMenuClick 2 1`] = `[Function]`;

exports[`satChanges.getSatChngJson 0 1`] = `
Object {
  "resp": Array [
    Object {
      "date": +192020-04-09T04:00:00.000Z,
      "day": 100,
      "inc": 10,
      "year": 2020,
    },
  ],
  "satChngTable": Array [
    Object {
      "date": +192020-04-09T04:00:00.000Z,
      "day": 100,
      "inc": 10,
      "year": 2020,
    },
  ],
}
`;

exports[`satChanges.hideSideMenus 0 1`] = `undefined`;

exports[`satChanges.satChng 0 1`] = `undefined`;

exports[`satChanges.satChng 1 1`] = `undefined`;

exports[`satChanges.satChng 2 1`] = `[Function]`;

exports[`satChanges.uiManagerInit 0 1`] = `undefined`;
